<?xml version="1.0" encoding="UTF-8"?>
<testsuites name="jest tests" tests="7" failures="0" time="17.014">
  <testsuite name="button" errors="0" failures="0" skipped="0" timestamp="2020-03-16T09:37:09" time="6.449" tests="1">
    <testcase classname="button 这是一个div" name="button 这是一个div" time="0.024">
    </testcase>
  </testsuite>
  <testsuite name="classnames方法" errors="0" failures="0" skipped="0" timestamp="2020-03-16T09:37:09" time="8.143" tests="4">
    <testcase classname="classnames方法 接受 1 个className" name="classnames方法 接受 1 个className" time="0.003">
    </testcase>
    <testcase classname="classnames方法 接受 2 个className" name="classnames方法 接受 2 个className" time="0">
    </testcase>
    <testcase classname="classnames方法 接受 undefined, 结果不会有undefined" name="classnames方法 接受 undefined, 结果不会有undefined" time="0">
    </testcase>
    <testcase classname="classnames方法 不传值，得到空字符串" name="classnames方法 不传值，得到空字符串" time="0.001">
    </testcase>
  </testsuite>
  <testsuite name="icon" errors="0" failures="0" skipped="0" timestamp="2020-03-16T09:37:09" time="8.255" tests="2">
    <testcase classname="icon 这是一个icon" name="icon 这是一个icon" time="0.016">
    </testcase>
    <testcase classname="icon onClick" name="icon onClick" time="0.045">
    </testcase>
  </testsuite>
</testsuites>